build	Build APK	﻿2026-08-25T16:15:17.7226232Z ##[group]Run gradle :app:assembleDebug --stacktrace --no-daemon
build	Build APK	2026-08-25T16:15:17.7226721Z ^[[36;1mgradle :app:assembleDebug --stacktrace --no-daemon^[[0m
build	Build APK	2026-08-25T16:15:17.7260807Z shell: /usr/bin/bash -e {0}
build	Build APK	2026-08-25T16:15:17.7261065Z env:
build	Build APK	2026-08-25T16:15:17.7261385Z   JAVA_HOME: /opt/hostedtoolcache/Java_Temurin-Hotspot_jdk/17.0.20-8/x64
build	Build APK	2026-08-25T16:15:17.7262073Z   JAVA_HOME_17_X64: /opt/hostedtoolcache/Java_Temurin-Hotspot_jdk/17.0.20-8/x64
build	Build APK	2026-08-25T16:15:17.7262513Z   GRADLE_ACTION_ID: gradle/actions/setup-gradle
build	Build APK	2026-08-25T16:15:17.7262851Z   GRADLE_BUILD_ACTION_SETUP_COMPLETED: true
build	Build APK	2026-08-25T16:15:17.7263159Z   GRADLE_BUILD_ACTION_CACHE_RESTORED: true
build	Build APK	2026-08-25T16:15:17.7263605Z   DEVELOCITY_INJECTION_INIT_SCRIPT_NAME: gradle-actions.inject-develocity.init.gradle
build	Build APK	2026-08-25T16:15:17.7264112Z   DEVELOCITY_AUTO_INJECTION_CUSTOM_VALUE: gradle-actions
build	Build APK	2026-08-25T16:15:17.7264455Z   GITHUB_DEPENDENCY_GRAPH_ENABLED: false
build	Build APK	2026-08-25T16:15:17.7264727Z ##[endgroup]
build	Build APK	2026-08-25T16:15:18.5658366Z 
build	Build APK	2026-08-25T16:15:18.5688801Z Welcome to Gradle 8.7!
build	Build APK	2026-08-25T16:15:18.5718244Z 
build	Build APK	2026-08-25T16:15:18.5748729Z Here are the highlights of this release:
build	Build APK	2026-08-25T16:15:18.5778561Z  - Compiling and testing with Java 22
build	Build APK	2026-08-25T16:15:18.5779193Z  - Cacheable Groovy script compilation
build	Build APK	2026-08-25T16:15:18.5779859Z  - New methods in lazy collection properties
build	Build APK	2026-08-25T16:15:18.5780261Z 
build	Build APK	2026-08-25T16:15:18.5780623Z For more details see https://docs.gradle.org/8.7/release-notes.html
build	Build APK	2026-08-25T16:15:18.5781160Z 
build	Build APK	2026-08-25T16:15:18.7555564Z To honour the JVM settings for this build a single-use Daemon process will be forked. For more on this, please refer to https://docs.gradle.org/8.7/userguide/gradle_daemon.html#sec:disabling_the_daemon in the Gradle documentation.
build	Build APK	2026-08-25T16:15:20.2553012Z Daemon will be stopped at the end of the build 
build	Build APK	2026-08-25T16:15:51.2563119Z 
build	Build APK	2026-08-25T16:15:51.2626835Z > Configure project :app
build	Build APK	2026-08-25T16:15:51.2659594Z Build was configured to prefer settings repositories over project repositories but repository 'Google' was added by build file 'app/build.gradle'
build	Build APK	2026-08-25T16:15:51.2689053Z Build was configured to prefer settings repositories over project repositories but repository 'MavenRepo' was added by build file 'app/build.gradle'
build	Build APK	2026-08-25T16:15:51.8581710Z WARNING: We recommend using a newer Android Gradle plugin to use compileSdk = 35
build	Build APK	2026-08-25T16:15:51.8598370Z 
build	Build APK	2026-08-25T16:15:51.8609163Z This Android Gradle plugin (8.5.2) was tested up to compileSdk = 34.
build	Build APK	2026-08-25T16:15:51.8609977Z 
build	Build APK	2026-08-25T16:15:51.8610589Z You are strongly encouraged to update your project to use a newer
build	Build APK	2026-08-25T16:15:51.8611711Z Android Gradle plugin that has been tested with compileSdk = 35.
build	Build APK	2026-08-25T16:15:51.8612464Z 
build	Build APK	2026-08-25T16:15:51.8613035Z If you are already using the latest version of the Android Gradle plugin,
build	Build APK	2026-08-25T16:15:51.8614257Z you may need to wait until a newer version with support for compileSdk = 35 is available.
build	Build APK	2026-08-25T16:15:51.8615130Z 
build	Build APK	2026-08-25T16:15:51.8615675Z For more information refer to the compatibility table:
build	Build APK	2026-08-25T16:15:51.8616660Z https://d.android.com/r/tools/api-level-support
build	Build APK	2026-08-25T16:15:51.8617325Z 
build	Build APK	2026-08-25T16:15:51.8618142Z To suppress this warning, add/update
build	Build APK	2026-08-25T16:15:51.8619014Z     android.suppressUnsupportedCompileSdk=35
build	Build APK	2026-08-25T16:15:51.8619885Z to this project's gradle.properties.
build	Build APK	2026-08-25T16:15:52.0549763Z 
build	Build APK	2026-08-25T16:15:52.0560217Z > Task :app:preBuild UP-TO-DATE
build	Build APK	2026-08-25T16:15:52.0561184Z > Task :app:preDebugBuild UP-TO-DATE
build	Build APK	2026-08-25T16:15:52.0572987Z > Task :app:mergeDebugNativeDebugMetadata NO-SOURCE
build	Build APK	2026-08-25T16:15:52.1556194Z > Task :app:javaPreCompileDebug
build	Build APK	2026-08-25T16:16:01.7560127Z > Task :app:checkDebugAarMetadata
build	Build APK	2026-08-25T16:16:01.7573671Z > Task :app:generateDebugResValues
build	Build APK	2026-08-25T16:16:01.7593087Z > Task :app:mapDebugSourceSetPaths
build	Build APK	2026-08-25T16:16:01.8551507Z > Task :app:generateDebugResources
build	Build APK	2026-08-25T16:16:01.9568839Z > Task :app:packageDebugResources
build	Build APK	2026-08-25T16:16:02.1550725Z > Task :app:mergeDebugResources
build	Build APK	2026-08-25T16:16:02.8572722Z > Task :app:createDebugCompatibleScreenManifests
build	Build APK	2026-08-25T16:16:02.8573436Z > Task :app:extractDeepLinksDebug
build	Build APK	2026-08-25T16:16:02.9553628Z > Task :app:parseDebugLocalResources
build	Build APK	2026-08-25T16:16:02.9578783Z > Task :app:processDebugMainManifest
build	Build APK	2026-08-25T16:16:03.2551648Z > Task :app:processDebugManifest
build	Build APK	2026-08-25T16:16:03.3550401Z > Task :app:mergeDebugShaders
build	Build APK	2026-08-25T16:16:03.3551264Z > Task :app:processDebugManifestForPackage
build	Build APK	2026-08-25T16:16:12.8552255Z > Task :app:compileDebugShaders NO-SOURCE
build	Build APK	2026-08-25T16:16:12.8553338Z > Task :app:generateDebugAssets UP-TO-DATE
build	Build APK	2026-08-25T16:16:12.8554164Z > Task :app:mergeDebugAssets
build	Build APK	2026-08-25T16:16:12.8554870Z > Task :app:processDebugJavaRes NO-SOURCE
build	Build APK	2026-08-25T16:16:12.9550416Z > Task :app:compressDebugAssets
build	Build APK	2026-08-25T16:16:12.9552819Z > Task :app:processDebugResources
build	Build APK	2026-08-25T16:16:13.6588980Z > Task :app:mergeDebugJavaResource
build	Build APK	2026-08-25T16:16:15.3559569Z /home/runner/work/IPPulseScanner/IPPulseScanner/app/src/main/java/com/ippulse/scanner/MainActivity.java:294: error: cannot find symbol
build	Build APK	2026-08-25T16:16:15.3560665Z 
build	Build APK	2026-08-25T16:16:15.3588484Z > Task :app:compileDebugJavaWithJavac
build	Build APK	2026-08-25T16:16:15.3618478Z     @OverrideOverride
build	Build APK	2026-08-25T16:16:15.3631401Z      ^
build	Build APK	2026-08-25T16:16:15.3631866Z   symbol:   class OverrideOverride
build	Build APK	2026-08-25T16:16:15.3673810Z   location: class MainActivity
build	Build APK	2026-08-25T16:16:15.3703280Z /home/runner/work/IPPulseScanner/IPPulseScanner/app/src/main/java/com/ippulse/scanner/MainActivity.java:256: error: cannot find symbol
build	Build APK	2026-08-25T16:16:15.3728493Z         startVhostsService(mtu, hostsMap);
build	Build APK	2026-08-25T16:16:15.3758703Z         ^
build	Build APK	2026-08-25T16:16:15.3759684Z   symbol:   method startVhostsService(int,HashMap<String,String>)
build	Build APK	2026-08-25T16:16:15.3760389Z   location: class MainActivity
build	Build APK	2026-08-25T16:16:15.3761746Z /home/runner/work/IPPulseScanner/IPPulseScanner/app/src/main/java/com/ippulse/scanner/MainActivity.java:261: error: variable dns is already defined in method startVpn()
build	Build APK	2026-08-25T16:16:15.3763302Z         String dns = vpnDns.getText().toString().trim();
build	Build APK	2026-08-25T16:16:15.3782516Z                ^
build	Build APK	2026-08-25T16:16:15.3783948Z /home/runner/work/IPPulseScanner/IPPulseScanner/app/src/main/java/com/ippulse/scanner/MainActivity.java:262: error: variable hostsMap is already defined in method startVpn()
build	Build APK	2026-08-25T16:16:15.3785762Z         HashMap<String, String> hostsMap = parseHosts(vpnHosts.getText().toString());
build	Build APK	2026-08-25T16:16:15.3786568Z                                 ^
build	Build APK	2026-08-25T16:16:15.3788218Z /home/runner/work/IPPulseScanner/IPPulseScanner/app/src/main/java/com/ippulse/scanner/MainActivity.java:271: error: variable intent is already defined in method startVpn()
build	Build APK	2026-08-25T16:16:15.3789737Z         Intent intent = VpnService.prepare(this);
build	Build APK	2026-08-25T16:16:15.3790316Z                ^
build	Build APK	2026-08-25T16:16:15.3791402Z /home/runner/work/IPPulseScanner/IPPulseScanner/app/src/main/java/com/ippulse/scanner/MainActivity.java:275: error: cannot find symbol
build	Build APK	2026-08-25T16:16:15.3792686Z             startVhostsService(mtu, hostsMap);
build	Build APK	2026-08-25T16:16:15.3793241Z             ^
build	Build APK	2026-08-25T16:16:15.3793777Z   symbol:   method startVhostsService(int,HashMap<String,String>)
build	Build APK	2026-08-25T16:16:15.3794432Z   location: class MainActivity
build	Build APK	2026-08-25T16:16:15.3795785Z /home/runner/work/IPPulseScanner/IPPulseScanner/app/src/main/java/com/ippulse/scanner/MainActivity.java:276: error: variable mtu is already defined in method startVpn()
build	Build APK	2026-08-25T16:16:15.3797391Z             int mtu = parseIntSafe(vpnMtu.getText().toString().trim(), 1400);
build	Build APK	2026-08-25T16:16:15.3798291Z                 ^
build	Build APK	2026-08-25T16:16:15.3799319Z /home/runner/work/IPPulseScanner/IPPulseScanner/app/src/main/java/com/ippulse/scanner/MainActivity.java:300: error: cannot find symbol
build	Build APK	2026-08-25T16:16:15.3800576Z             startVhostsService(mtu, hostsMap);
build	Build APK	2026-08-25T16:16:15.3801092Z             ^
build	Build APK	2026-08-25T16:16:15.3801622Z   symbol:   method startVhostsService(int,HashMap<String,String>)
build	Build APK	2026-08-25T16:16:15.3802286Z   location: class MainActivity
build	Build APK	2026-08-25T16:16:15.3803900Z /home/runner/work/IPPulseScanner/IPPulseScanner/app/src/main/java/com/ippulse/scanner/MainActivity.java:309: error: cannot find symbol
build	Build APK	2026-08-25T16:16:15.3805132Z             startVhostsService(mtu, hostsMap);
build	Build APK	2026-08-25T16:16:15.3805878Z                                ^
build	Build APK	2026-08-25T16:16:15.3806306Z   symbol:   variable mtu
build	Build APK	2026-08-25T16:16:15.3806705Z   location: class MainActivity
build	Build APK	2026-08-25T16:16:15.3807698Z /home/runner/work/IPPulseScanner/IPPulseScanner/app/src/main/java/com/ippulse/scanner/MainActivity.java:309: error: cannot find symbol
build	Build APK	2026-08-25T16:16:15.3818953Z             startVhostsService(mtu, hostsMap);
build	Build APK	2026-08-25T16:16:15.3819535Z                                     ^
build	Build APK	2026-08-25T16:16:15.3819975Z   symbol:   variable hostsMap
build	Build APK	2026-08-25T16:16:15.3820403Z   location: class MainActivity
build	Build APK	2026-08-25T16:16:15.4572910Z Note: /home/runner/work/IPPulseScanner/IPPulseScanner/app/src/main/java/com/github/xfalcon/vhosts/vservice/LRUCache.java uses unchecked or unsafe operations.
build	Build APK	2026-08-25T16:16:15.4574307Z 
build	Build APK	2026-08-25T16:16:15.4588482Z Note: Recompile with -Xlint:unchecked for details.
build	Build APK	2026-08-25T16:16:15.4631317Z 10 errors
build	Build APK	2026-08-25T16:16:15.4631809Z > Task :app:compileDebugJavaWithJavac FAILED
build	Build APK	2026-08-25T16:16:15.4632313Z 
build	Build APK	2026-08-25T16:16:15.4648298Z FAILURE: Build failed with an exception.
build	Build APK	2026-08-25T16:16:15.4678180Z 
build	Build APK	2026-08-25T16:16:15.4680548Z * What went wrong:
build	Build APK	2026-08-25T16:16:15.4691941Z Execution failed for task ':app:compileDebugJavaWithJavac'.
build	Build APK	2026-08-25T16:16:15.4692622Z 19 actionable tasks: 19 executed
build	Build APK	2026-08-25T16:16:15.4693388Z > Compilation failed; see the compiler error output for details.
build	Build APK	2026-08-25T16:16:15.4708271Z 
build	Build APK	2026-08-25T16:16:15.4737440Z * Try:
build	Build APK	2026-08-25T16:16:15.4744338Z > Run with --info option to get more log output.
build	Build APK	2026-08-25T16:16:15.4758766Z > Run with --scan to get full insights.
build	Build APK	2026-08-25T16:16:15.4759616Z 
build	Build APK	2026-08-25T16:16:15.4759933Z * Exception is:
build	Build APK	2026-08-25T16:16:15.4760937Z org.gradle.api.tasks.TaskExecutionException: Execution failed for task ':app:compileDebugJavaWithJavac'.
build	Build APK	2026-08-25T16:16:15.4762942Z 	at org.gradle.api.internal.tasks.execution.ExecuteActionsTaskExecuter.lambda$executeIfValid$1(ExecuteActionsTaskExecuter.java:130)
build	Build APK	2026-08-25T16:16:15.4764643Z 	at org.gradle.internal.Try$Failure.ifSuccessfulOrElse(Try.java:282)
build	Build APK	2026-08-25T16:16:15.4766123Z 	at org.gradle.api.internal.tasks.execution.ExecuteActionsTaskExecuter.executeIfValid(ExecuteActionsTaskExecuter.java:128)
build	Build APK	2026-08-25T16:16:15.4781861Z 	at org.gradle.api.internal.tasks.execution.ExecuteActionsTaskExecuter.execute(ExecuteActionsTaskExecuter.java:116)
build	Build APK	2026-08-25T16:16:15.4783896Z 	at org.gradle.api.internal.tasks.execution.FinalizePropertiesTaskExecuter.execute(FinalizePropertiesTaskExecuter.java:46)
build	Build APK	2026-08-25T16:16:15.4785996Z 	at org.gradle.api.internal.tasks.execution.ResolveTaskExecutionModeExecuter.execute(ResolveTaskExecutionModeExecuter.java:51)
build	Build APK	2026-08-25T16:16:15.4788434Z 	at org.gradle.api.internal.tasks.execution.SkipTaskWithNoActionsExecuter.execute(SkipTaskWithNoActionsExecuter.java:57)
build	Build APK	2026-08-25T16:16:15.4790364Z 	at org.gradle.api.internal.tasks.execution.SkipOnlyIfTaskExecuter.execute(SkipOnlyIfTaskExecuter.java:74)
build	Build APK	2026-08-25T16:16:15.4792160Z 	at org.gradle.api.internal.tasks.execution.CatchExceptionTaskExecuter.execute(CatchExceptionTaskExecuter.java:36)
build	Build APK	2026-08-25T16:16:15.4794037Z 	at org.gradle.api.internal.tasks.execution.EventFiringTaskExecuter$1.executeTask(EventFiringTaskExecuter.java:77)
build	Build APK	2026-08-25T16:16:15.4795804Z 	at org.gradle.api.internal.tasks.execution.EventFiringTaskExecuter$1.call(EventFiringTaskExecuter.java:55)
build	Build APK	2026-08-25T16:16:15.4797530Z 	at org.gradle.api.internal.tasks.execution.EventFiringTaskExecuter$1.call(EventFiringTaskExecuter.java:52)
build	Build APK	2026-08-25T16:16:15.4800053Z 	at org.gradle.internal.operations.DefaultBuildOperationRunner$CallableBuildOperationWorker.execute(DefaultBuildOperationRunner.java:200)
build	Build APK	2026-08-25T16:16:15.4802296Z 	at org.gradle.internal.operations.DefaultBuildOperationRunner$CallableBuildOperationWorker.execute(DefaultBuildOperationRunner.java:195)
build	Build APK	2026-08-25T16:16:15.4804595Z 	at org.gradle.internal.operations.DefaultBuildOperationRunner$2.execute(DefaultBuildOperationRunner.java:66)
build	Build APK	2026-08-25T16:16:15.4806360Z 	at org.gradle.internal.operations.DefaultBuildOperationRunner$2.execute(DefaultBuildOperationRunner.java:59)
build	Build APK	2026-08-25T16:16:15.4808527Z 	at org.gradle.internal.operations.DefaultBuildOperationRunner.execute(DefaultBuildOperationRunner.java:157)
build	Build APK	2026-08-25T16:16:15.4810263Z 	at org.gradle.internal.operations.DefaultBuildOperationRunner.execute(DefaultBuildOperationRunner.java:59)
build	Build APK	2026-08-25T16:16:15.4811990Z 	at org.gradle.internal.operations.DefaultBuildOperationRunner.call(DefaultBuildOperationRunner.java:53)
build	Build APK	2026-08-25T16:16:15.4813723Z 	at org.gradle.internal.operations.DefaultBuildOperationExecutor.call(DefaultBuildOperationExecutor.java:73)
build	Build APK	2026-08-25T16:16:15.4815476Z 	at org.gradle.api.internal.tasks.execution.EventFiringTaskExecuter.execute(EventFiringTaskExecuter.java:52)
build	Build APK	2026-08-25T16:16:15.4817069Z 	at org.gradle.execution.plan.LocalTaskNodeExecutor.execute(LocalTaskNodeExecutor.java:42)
build	Build APK	2026-08-25T16:16:15.4819033Z 	at org.gradle.execution.taskgraph.DefaultTaskExecutionGraph$InvokeNodeExecutorsAction.execute(DefaultTaskExecutionGraph.java:331)
build	Build APK	2026-08-25T16:16:15.4821105Z 	at org.gradle.execution.taskgraph.DefaultTaskExecutionGraph$InvokeNodeExecutorsAction.execute(DefaultTaskExecutionGraph.java:318)
build	Build APK	2026-08-25T16:16:15.4823458Z 	at org.gradle.execution.taskgraph.DefaultTaskExecutionGraph$BuildOperationAwareExecutionAction.lambda$execute$0(DefaultTaskExecutionGraph.java:314)
build	Build APK	2026-08-25T16:16:15.4825458Z 	at org.gradle.internal.operations.CurrentBuildOperationRef.with(CurrentBuildOperationRef.java:80)
build	Build APK	2026-08-25T16:16:15.4827363Z 	at org.gradle.execution.taskgraph.DefaultTaskExecutionGraph$BuildOperationAwareExecutionAction.execute(DefaultTaskExecutionGraph.java:314)
build	Build APK	2026-08-25T16:16:15.4829798Z 	at org.gradle.execution.taskgraph.DefaultTaskExecutionGraph$BuildOperationAwareExecutionAction.execute(DefaultTaskExecutionGraph.java:303)
build	Build APK	2026-08-25T16:16:15.4831694Z 	at org.gradle.execution.plan.DefaultPlanExecutor$ExecutorWorker.execute(DefaultPlanExecutor.java:463)
build	Build APK	2026-08-25T16:16:15.4833202Z 	at org.gradle.execution.plan.DefaultPlanExecutor$ExecutorWorker.run(DefaultPlanExecutor.java:380)
build	Build APK	2026-08-25T16:16:15.4834749Z 	at org.gradle.internal.concurrent.ExecutorPolicy$CatchAndRecordFailures.onExecute(ExecutorPolicy.java:64)
build	Build APK	2026-08-25T16:16:15.4836308Z 	at org.gradle.internal.concurrent.AbstractManagedExecutor$1.run(AbstractManagedExecutor.java:47)
build	Build APK	2026-08-25T16:16:15.4838241Z Caused by: org.gradle.api.internal.tasks.compile.CompilationFailedException: Compilation failed; see the compiler error output for details.
build	Build APK	2026-08-25T16:16:15.4840000Z 	at org.gradle.api.internal.tasks.compile.JdkJavaCompiler.execute(JdkJavaCompiler.java:61)
build	Build APK	2026-08-25T16:16:15.4841463Z 	at org.gradle.api.internal.tasks.compile.JdkJavaCompiler.execute(JdkJavaCompiler.java:41)
build	Build APK	2026-08-25T16:16:15.4843221Z 	at org.gradle.api.internal.tasks.compile.NormalizingJavaCompiler.delegateAndHandleErrors(NormalizingJavaCompiler.java:98)
build	Build APK	2026-08-25T16:16:15.4845096Z 	at org.gradle.api.internal.tasks.compile.NormalizingJavaCompiler.execute(NormalizingJavaCompiler.java:52)
build	Build APK	2026-08-25T16:16:15.4846833Z 	at org.gradle.api.internal.tasks.compile.NormalizingJavaCompiler.execute(NormalizingJavaCompiler.java:38)
build	Build APK	2026-08-25T16:16:15.4849097Z 	at org.gradle.api.internal.tasks.compile.AnnotationProcessorDiscoveringCompiler.execute(AnnotationProcessorDiscoveringCompiler.java:52)
build	Build APK	2026-08-25T16:16:15.4851408Z 	at org.gradle.api.internal.tasks.compile.AnnotationProcessorDiscoveringCompiler.execute(AnnotationProcessorDiscoveringCompiler.java:38)
build	Build APK	2026-08-25T16:16:15.4853674Z 	at org.gradle.api.internal.tasks.compile.ModuleApplicationNameWritingCompiler.execute(ModuleApplicationNameWritingCompiler.java:46)
build	Build APK	2026-08-25T16:16:15.4855881Z 	at org.gradle.api.internal.tasks.compile.ModuleApplicationNameWritingCompiler.execute(ModuleApplicationNameWritingCompiler.java:36)
build	Build APK	2026-08-25T16:16:15.4858427Z 	at org.gradle.jvm.toolchain.internal.DefaultToolchainJavaCompiler.execute(DefaultToolchainJavaCompiler.java:57)
build	Build APK	2026-08-25T16:16:15.4860123Z 	at org.gradle.api.tasks.compile.JavaCompile.lambda$createToolchainCompiler$3(JavaCompile.java:202)
build	Build APK	2026-08-25T16:16:15.4861896Z 	at org.gradle.api.internal.tasks.compile.CleaningJavaCompiler.execute(CleaningJavaCompiler.java:53)
build	Build APK	2026-08-25T16:16:15.4863974Z 	at org.gradle.api.internal.tasks.compile.incremental.IncrementalCompilerFactory.lambda$createRebuildAllCompiler$0(IncrementalCompilerFactory.java:52)
build	Build APK	2026-08-25T16:16:15.4866141Z 	at org.gradle.api.internal.tasks.compile.incremental.SelectiveCompiler.execute(SelectiveCompiler.java:70)
build	Build APK	2026-08-25T16:16:15.4868130Z 	at org.gradle.api.internal.tasks.compile.incremental.SelectiveCompiler.execute(SelectiveCompiler.java:44)
build	Build APK	2026-08-25T16:16:15.4870155Z 	at org.gradle.api.internal.tasks.compile.incremental.IncrementalResultStoringCompiler.execute(IncrementalResultStoringCompiler.java:66)
build	Build APK	2026-08-25T16:16:15.4872444Z 	at org.gradle.api.internal.tasks.compile.incremental.IncrementalResultStoringCompiler.execute(IncrementalResultStoringCompiler.java:52)
build	Build APK	2026-08-25T16:16:15.4874956Z 	at org.gradle.api.internal.tasks.compile.CompileJavaBuildOperationReportingCompiler$1.call(CompileJavaBuildOperationReportingCompiler.java:64)
build	Build APK	2026-08-25T16:16:15.4877549Z 	at org.gradle.api.internal.tasks.compile.CompileJavaBuildOperationReportingCompiler$1.call(CompileJavaBuildOperationReportingCompiler.java:48)
build	Build APK	2026-08-25T16:16:15.4880100Z 	at org.gradle.internal.operations.DefaultBuildOperationRunner$CallableBuildOperationWorker.execute(DefaultBuildOperationRunner.java:200)
build	Build APK	2026-08-25T16:16:15.4882304Z 	at org.gradle.internal.operations.DefaultBuildOperationRunner$CallableBuildOperationWorker.execute(DefaultBuildOperationRunner.java:195)
build	Build APK	2026-08-25T16:16:15.4884272Z 	at org.gradle.internal.operations.DefaultBuildOperationRunner$2.execute(DefaultBuildOperationRunner.java:66)
build	Build APK	2026-08-25T16:16:15.4885980Z 	at org.gradle.internal.operations.DefaultBuildOperationRunner$2.execute(DefaultBuildOperationRunner.java:59)
build	Build APK	2026-08-25T16:16:15.4887878Z 	at org.gradle.internal.operations.DefaultBuildOperationRunner.execute(DefaultBuildOperationRunner.java:157)
build	Build APK	2026-08-25T16:16:15.4889893Z 	at org.gradle.internal.operations.DefaultBuildOperationRunner.execute(DefaultBuildOperationRunner.java:59)
build	Build APK	2026-08-25T16:16:15.4891594Z 	at org.gradle.internal.operations.DefaultBuildOperationRunner.call(DefaultBuildOperationRunner.java:53)
build	Build APK	2026-08-25T16:16:15.4893287Z 	at org.gradle.internal.operations.DefaultBuildOperationExecutor.call(DefaultBuildOperationExecutor.java:73)
build	Build APK	2026-08-25T16:16:15.4895388Z 	at org.gradle.api.internal.tasks.compile.CompileJavaBuildOperationReportingCompiler.execute(CompileJavaBuildOperationReportingCompiler.java:48)
build	Build APK	2026-08-25T16:16:15.4897309Z 	at org.gradle.api.tasks.compile.JavaCompile.performCompilation(JavaCompile.java:220)
build	Build APK	2026-08-25T16:16:15.4898967Z 	at org.gradle.api.tasks.compile.JavaCompile.performIncrementalCompilation(JavaCompile.java:161)
build	Build APK	2026-08-25T16:16:15.4900328Z 	at org.gradle.api.tasks.compile.JavaCompile.compile(JavaCompile.java:146)
build	Build APK	2026-08-25T16:16:15.4901561Z 	at java.base/jdk.internal.reflect.NativeMethodAccessorImpl.invoke0(Native Method)
build	Build APK	2026-08-25T16:16:15.4903000Z 	at java.base/jdk.internal.reflect.NativeMethodAccessorImpl.invoke(NativeMethodAccessorImpl.java:77)
build	Build APK	2026-08-25T16:16:15.4904688Z 	at java.base/jdk.internal.reflect.DelegatingMethodAccessorImpl.invoke(DelegatingMethodAccessorImpl.java:43)
build	Build APK	2026-08-25T16:16:15.4906094Z 	at org.gradle.internal.reflect.JavaMethod.invoke(JavaMethod.java:125)
build	Build APK	2026-08-25T16:16:15.4907529Z 	at org.gradle.api.internal.project.taskfactory.IncrementalTaskAction.doExecute(IncrementalTaskAction.java:45)
build	Build APK	2026-08-25T16:16:15.4909500Z 	at org.gradle.api.internal.project.taskfactory.StandardTaskAction.execute(StandardTaskAction.java:51)
build	Build APK	2026-08-25T16:16:15.4911279Z 	at org.gradle.api.internal.project.taskfactory.IncrementalTaskAction.execute(IncrementalTaskAction.java:26)
build	Build APK	2026-08-25T16:16:15.4913252Z 	at org.gradle.api.internal.project.taskfactory.StandardTaskAction.execute(StandardTaskAction.java:29)
build	Build APK	2026-08-25T16:16:15.4914751Z 	at org.gradle.api.internal.tasks.execution.TaskExecution$3.run(TaskExecution.java:244)
build	Build APK	2026-08-25T16:16:15.4916495Z 	at org.gradle.internal.operations.DefaultBuildOperationRunner$1.execute(DefaultBuildOperationRunner.java:29)
build	Build APK	2026-08-25T16:16:15.4918448Z 	at org.gradle.internal.operations.DefaultBuildOperationRunner$1.execute(DefaultBuildOperationRunner.java:26)
build	Build APK	2026-08-25T16:16:15.4920286Z 	at org.gradle.internal.operations.DefaultBuildOperationRunner$2.execute(DefaultBuildOperationRunner.java:66)
build	Build APK	2026-08-25T16:16:15.4922101Z 	at org.gradle.internal.operations.DefaultBuildOperationRunner$2.execute(DefaultBuildOperationRunner.java:59)
build	Build APK	2026-08-25T16:16:15.4923936Z 	at org.gradle.internal.operations.DefaultBuildOperationRunner.execute(DefaultBuildOperationRunner.java:157)
build	Build APK	2026-08-25T16:16:15.4925712Z 	at org.gradle.internal.operations.DefaultBuildOperationRunner.execute(DefaultBuildOperationRunner.java:59)
build	Build APK	2026-08-25T16:16:15.4927414Z 	at org.gradle.internal.operations.DefaultBuildOperationRunner.run(DefaultBuildOperationRunner.java:47)
build	Build APK	2026-08-25T16:16:15.4929394Z 	at org.gradle.internal.operations.DefaultBuildOperationExecutor.run(DefaultBuildOperationExecutor.java:68)
build	Build APK	2026-08-25T16:16:15.4931107Z 	at org.gradle.api.internal.tasks.execution.TaskExecution.executeAction(TaskExecution.java:229)
build	Build APK	2026-08-25T16:16:15.4932655Z 	at org.gradle.api.internal.tasks.execution.TaskExecution.executeActions(TaskExecution.java:212)
build	Build APK	2026-08-25T16:16:15.4934332Z 	at org.gradle.api.internal.tasks.execution.TaskExecution.executeWithPreviousOutputFiles(TaskExecution.java:195)
build	Build APK	2026-08-25T16:16:15.4935962Z 	at org.gradle.api.internal.tasks.execution.TaskExecution.execute(TaskExecution.java:162)
build	Build APK	2026-08-25T16:16:15.4937592Z 	at org.gradle.internal.execution.steps.ExecuteStep.executeInternal(ExecuteStep.java:105)
build	Build APK	2026-08-25T16:16:15.4939207Z 	at org.gradle.internal.execution.steps.ExecuteStep.access$000(ExecuteStep.java:44)
build	Build APK	2026-08-25T16:16:15.4940485Z 	at org.gradle.internal.execution.steps.ExecuteStep$1.call(ExecuteStep.java:59)
build	Build APK	2026-08-25T16:16:15.4941732Z 	at org.gradle.internal.execution.steps.ExecuteStep$1.call(ExecuteStep.java:56)
build	Build APK	2026-08-25T16:16:15.4943531Z 	at org.gradle.internal.operations.DefaultBuildOperationRunner$CallableBuildOperationWorker.execute(DefaultBuildOperationRunner.java:200)
build	Build APK	2026-08-25T16:16:15.4945712Z 	at org.gradle.internal.operations.DefaultBuildOperationRunner$CallableBuildOperationWorker.execute(DefaultBuildOperationRunner.java:195)
build	Build APK	2026-08-25T16:16:15.4947665Z 	at org.gradle.internal.operations.DefaultBuildOperationRunner$2.execute(DefaultBuildOperationRunner.java:66)
build	Build APK	2026-08-25T16:16:15.4949540Z 	at org.gradle.internal.operations.DefaultBuildOperationRunner$2.execute(DefaultBuildOperationRunner.java:59)
build	Build APK	2026-08-25T16:16:15.4951258Z 	at org.gradle.internal.operations.DefaultBuildOperationRunner.execute(DefaultBuildOperationRunner.java:157)
build	Build APK	2026-08-25T16:16:15.4952915Z 	at org.gradle.internal.operations.DefaultBuildOperationRunner.execute(DefaultBuildOperationRunner.java:59)
build	Build APK	2026-08-25T16:16:15.4954606Z 	at org.gradle.internal.operations.DefaultBuildOperationRunner.call(DefaultBuildOperationRunner.java:53)
build	Build APK	2026-08-25T16:16:15.4956284Z 	at org.gradle.internal.operations.DefaultBuildOperationExecutor.call(DefaultBuildOperationExecutor.java:73)
build	Build APK	2026-08-25T16:16:15.4957932Z 	at org.gradle.internal.execution.steps.ExecuteStep.execute(ExecuteStep.java:56)
build	Build APK	2026-08-25T16:16:15.4959203Z 	at org.gradle.internal.execution.steps.ExecuteStep.execute(ExecuteStep.java:44)
build	Build APK	2026-08-25T16:16:15.4960600Z 	at org.gradle.internal.execution.steps.CancelExecutionStep.execute(CancelExecutionStep.java:41)
build	Build APK	2026-08-25T16:16:15.4962125Z 	at org.gradle.internal.execution.steps.TimeoutStep.executeWithoutTimeout(TimeoutStep.java:74)
build	Build APK	2026-08-25T16:16:15.4963499Z 	at org.gradle.internal.execution.steps.TimeoutStep.execute(TimeoutStep.java:55)
build	Build APK	2026-08-25T16:16:15.4965371Z 	at org.gradle.internal.execution.steps.PreCreateOutputParentsStep.execute(PreCreateOutputParentsStep.java:50)
build	Build APK	2026-08-25T16:16:15.4967196Z 	at org.gradle.internal.execution.steps.PreCreateOutputParentsStep.execute(PreCreateOutputParentsStep.java:28)
build	Build APK	2026-08-25T16:16:15.4969391Z 	at org.gradle.internal.execution.steps.RemovePreviousOutputsStep.execute(RemovePreviousOutputsStep.java:67)
build	Build APK	2026-08-25T16:16:15.4971144Z 	at org.gradle.internal.execution.steps.RemovePreviousOutputsStep.execute(RemovePreviousOutputsStep.java:37)
build	Build APK	2026-08-25T16:16:15.4972988Z 	at org.gradle.internal.execution.steps.BroadcastChangingOutputsStep.execute(BroadcastChangingOutputsStep.java:61)
build	Build APK	2026-08-25T16:16:15.4974842Z 	at org.gradle.internal.execution.steps.BroadcastChangingOutputsStep.execute(BroadcastChangingOutputsStep.java:26)
build	Build APK	2026-08-25T16:16:15.4976790Z 	at org.gradle.internal.execution.steps.CaptureOutputsAfterExecutionStep.execute(CaptureOutputsAfterExecutionStep.java:67)
build	Build APK	2026-08-25T16:16:15.4979146Z 	at org.gradle.internal.execution.steps.CaptureOutputsAfterExecutionStep.execute(CaptureOutputsAfterExecutionStep.java:45)
build	Build APK	2026-08-25T16:16:15.4980985Z 	at org.gradle.internal.execution.steps.ResolveInputChangesStep.execute(ResolveInputChangesStep.java:40)
build	Build APK	2026-08-25T16:16:15.4982667Z 	at org.gradle.internal.execution.steps.ResolveInputChangesStep.execute(ResolveInputChangesStep.java:29)
build	Build APK	2026-08-25T16:16:15.4984378Z 	at org.gradle.internal.execution.steps.BuildCacheStep.executeWithoutCache(BuildCacheStep.java:189)
build	Build APK	2026-08-25T16:16:15.4985923Z 	at org.gradle.internal.execution.steps.BuildCacheStep.lambda$execute$1(BuildCacheStep.java:75)
build	Build APK	2026-08-25T16:16:15.4987132Z 	at org.gradle.internal.Either$Right.fold(Either.java:175)
build	Build APK	2026-08-25T16:16:15.4988422Z 	at org.gradle.internal.execution.caching.CachingState.fold(CachingState.java:62)
build	Build APK	2026-08-25T16:16:15.4989774Z 	at org.gradle.internal.execution.steps.BuildCacheStep.execute(BuildCacheStep.java:73)
build	Build APK	2026-08-25T16:16:15.4991147Z 	at org.gradle.internal.execution.steps.BuildCacheStep.execute(BuildCacheStep.java:48)
build	Build APK	2026-08-25T16:16:15.4992790Z 	at org.gradle.internal.execution.steps.StoreExecutionStateStep.execute(StoreExecutionStateStep.java:46)
build	Build APK	2026-08-25T16:16:15.4994519Z 	at org.gradle.internal.execution.steps.StoreExecutionStateStep.execute(StoreExecutionStateStep.java:35)
build	Build APK	2026-08-25T16:16:15.4996178Z 	at org.gradle.internal.execution.steps.SkipUpToDateStep.executeBecause(SkipUpToDateStep.java:76)
build	Build APK	2026-08-25T16:16:15.4997733Z 	at org.gradle.internal.execution.steps.SkipUpToDateStep.lambda$execute$2(SkipUpToDateStep.java:54)
build	Build APK	2026-08-25T16:16:15.4999487Z 	at org.gradle.internal.execution.steps.SkipUpToDateStep.execute(SkipUpToDateStep.java:54)
build	Build APK	2026-08-25T16:16:15.5001010Z 	at org.gradle.internal.execution.steps.SkipUpToDateStep.execute(SkipUpToDateStep.java:36)
build	Build APK	2026-08-25T16:16:15.5002903Z 	at org.gradle.internal.execution.steps.legacy.MarkSnapshottingInputsFinishedStep.execute(MarkSnapshottingInputsFinishedStep.java:37)
build	Build APK	2026-08-25T16:16:15.5005212Z 	at org.gradle.internal.execution.steps.legacy.MarkSnapshottingInputsFinishedStep.execute(MarkSnapshottingInputsFinishedStep.java:27)
build	Build APK	2026-08-25T16:16:15.5007584Z 	at org.gradle.internal.execution.steps.ResolveIncrementalCachingStateStep.executeDelegate(ResolveIncrementalCachingStateStep.java:49)
build	Build APK	2026-08-25T16:16:15.5010297Z 	at org.gradle.internal.execution.steps.ResolveIncrementalCachingStateStep.executeDelegate(ResolveIncrementalCachingStateStep.java:27)
build	Build APK	2026-08-25T16:16:15.5012459Z 	at org.gradle.internal.execution.steps.AbstractResolveCachingStateStep.execute(AbstractResolveCachingStateStep.java:71)
build	Build APK	2026-08-25T16:16:15.5014487Z 	at org.gradle.internal.execution.steps.AbstractResolveCachingStateStep.execute(AbstractResolveCachingStateStep.java:39)
build	Build APK	2026-08-25T16:16:15.5016241Z 	at org.gradle.internal.execution.steps.ResolveChangesStep.execute(ResolveChangesStep.java:65)
build	Build APK	2026-08-25T16:16:15.5017980Z 	at org.gradle.internal.execution.steps.ResolveChangesStep.execute(ResolveChangesStep.java:36)
build	Build APK	2026-08-25T16:16:15.5019416Z 	at org.gradle.internal.execution.steps.ValidateStep.execute(ValidateStep.java:106)
build	Build APK	2026-08-25T16:16:15.5020985Z 	at org.gradle.internal.execution.steps.ValidateStep.execute(ValidateStep.java:55)
build	Build APK	2026-08-25T16:16:15.5022789Z 	at org.gradle.internal.execution.steps.AbstractCaptureStateBeforeExecutionStep.execute(AbstractCaptureStateBeforeExecutionStep.java:64)
build	Build APK	2026-08-25T16:16:15.5025173Z 	at org.gradle.internal.execution.steps.AbstractCaptureStateBeforeExecutionStep.execute(AbstractCaptureStateBeforeExecutionStep.java:43)
build	Build APK	2026-08-25T16:16:15.5027382Z 	at org.gradle.internal.execution.steps.AbstractSkipEmptyWorkStep.executeWithNonEmptySources(AbstractSkipEmptyWorkStep.java:125)
build	Build APK	2026-08-25T16:16:15.5029532Z 	at org.gradle.internal.execution.steps.AbstractSkipEmptyWorkStep.execute(AbstractSkipEmptyWorkStep.java:61)
build	Build APK	2026-08-25T16:16:15.5031325Z 	at org.gradle.internal.execution.steps.AbstractSkipEmptyWorkStep.execute(AbstractSkipEmptyWorkStep.java:36)
build	Build APK	2026-08-25T16:16:15.5033344Z 	at org.gradle.internal.execution.steps.legacy.MarkSnapshottingInputsStartedStep.execute(MarkSnapshottingInputsStartedStep.java:38)
build	Build APK	2026-08-25T16:16:15.5035430Z 	at org.gradle.internal.execution.steps.LoadPreviousExecutionStateStep.execute(LoadPreviousExecutionStateStep.java:36)
build	Build APK	2026-08-25T16:16:15.5037404Z 	at org.gradle.internal.execution.steps.LoadPreviousExecutionStateStep.execute(LoadPreviousExecutionStateStep.java:23)
build	Build APK	2026-08-25T16:16:15.5039468Z 	at org.gradle.internal.execution.steps.HandleStaleOutputsStep.execute(HandleStaleOutputsStep.java:75)
build	Build APK	2026-08-25T16:16:15.5041153Z 	at org.gradle.internal.execution.steps.HandleStaleOutputsStep.execute(HandleStaleOutputsStep.java:41)
build	Build APK	2026-08-25T16:16:15.5043013Z 	at org.gradle.internal.execution.steps.AssignMutableWorkspaceStep.lambda$execute$0(AssignMutableWorkspaceStep.java:35)
build	Build APK	2026-08-25T16:16:15.5044747Z 	at org.gradle.api.internal.tasks.execution.TaskExecution$4.withWorkspace(TaskExecution.java:289)
build	Build APK	2026-08-25T16:16:15.5046413Z 	at org.gradle.internal.execution.steps.AssignMutableWorkspaceStep.execute(AssignMutableWorkspaceStep.java:31)
build	Build APK	2026-08-25T16:16:15.5048492Z 	at org.gradle.internal.execution.steps.AssignMutableWorkspaceStep.execute(AssignMutableWorkspaceStep.java:22)
build	Build APK	2026-08-25T16:16:15.5050188Z 	at org.gradle.internal.execution.steps.ChoosePipelineStep.execute(ChoosePipelineStep.java:40)
build	Build APK	2026-08-25T16:16:15.5051753Z 	at org.gradle.internal.execution.steps.ChoosePipelineStep.execute(ChoosePipelineStep.java:23)
build	Build APK	2026-08-25T16:16:15.5053709Z 	at org.gradle.internal.execution.steps.ExecuteWorkBuildOperationFiringStep.lambda$execute$2(ExecuteWorkBuildOperationFiringStep.java:67)
build	Build APK	2026-08-25T16:16:15.5055938Z 	at org.gradle.internal.execution.steps.ExecuteWorkBuildOperationFiringStep.execute(ExecuteWorkBuildOperationFiringStep.java:67)
build	Build APK	2026-08-25T16:16:15.5058346Z 	at org.gradle.internal.execution.steps.ExecuteWorkBuildOperationFiringStep.execute(ExecuteWorkBuildOperationFiringStep.java:39)
build	Build APK	2026-08-25T16:16:15.5060194Z 	at org.gradle.internal.execution.steps.IdentityCacheStep.execute(IdentityCacheStep.java:46)
build	Build APK	2026-08-25T16:16:15.5061892Z 	at org.gradle.internal.execution.steps.IdentityCacheStep.execute(IdentityCacheStep.java:34)
build	Build APK	2026-08-25T16:16:15.5063282Z 	at org.gradle.internal.execution.steps.IdentifyStep.execute(IdentifyStep.java:48)
build	Build APK	2026-08-25T16:16:15.5064615Z 	at org.gradle.internal.execution.steps.IdentifyStep.execute(IdentifyStep.java:35)
build	Build APK	2026-08-25T16:16:15.5066084Z 	at org.gradle.internal.execution.impl.DefaultExecutionEngine$1.execute(DefaultExecutionEngine.java:61)
build	Build APK	2026-08-25T16:16:15.5068072Z 	at org.gradle.api.internal.tasks.execution.ExecuteActionsTaskExecuter.executeIfValid(ExecuteActionsTaskExecuter.java:127)
build	Build APK	2026-08-25T16:16:15.5070015Z 	at org.gradle.api.internal.tasks.execution.ExecuteActionsTaskExecuter.execute(ExecuteActionsTaskExecuter.java:116)
build	Build APK	2026-08-25T16:16:15.5071950Z 	at org.gradle.api.internal.tasks.execution.FinalizePropertiesTaskExecuter.execute(FinalizePropertiesTaskExecuter.java:46)
build	Build APK	2026-08-25T16:16:15.5073969Z 	at org.gradle.api.internal.tasks.execution.ResolveTaskExecutionModeExecuter.execute(ResolveTaskExecutionModeExecuter.java:51)
build	Build APK	2026-08-25T16:16:15.5076174Z 	at org.gradle.api.internal.tasks.execution.SkipTaskWithNoActionsExecuter.execute(SkipTaskWithNoActionsExecuter.java:57)
build	Build APK	2026-08-25T16:16:15.5078151Z 	at org.gradle.api.internal.tasks.execution.SkipOnlyIfTaskExecuter.execute(SkipOnlyIfTaskExecuter.java:74)
build	Build APK	2026-08-25T16:16:15.5080150Z 	at org.gradle.api.internal.tasks.execution.CatchExceptionTaskExecuter.execute(CatchExceptionTaskExecuter.java:36)
build	Build APK	2026-08-25T16:16:15.5081939Z 	at org.gradle.api.internal.tasks.execution.EventFiringTaskExecuter$1.executeTask(EventFiringTaskExecuter.java:77)
build	Build APK	2026-08-25T16:16:15.5083666Z 	at org.gradle.api.internal.tasks.execution.EventFiringTaskExecuter$1.call(EventFiringTaskExecuter.java:55)
build	Build APK	2026-08-25T16:16:15.5085354Z 	at org.gradle.api.internal.tasks.execution.EventFiringTaskExecuter$1.call(EventFiringTaskExecuter.java:52)
build	Build APK	2026-08-25T16:16:15.5087296Z 	at org.gradle.internal.operations.DefaultBuildOperationRunner$CallableBuildOperationWorker.execute(DefaultBuildOperationRunner.java:200)
build	Build APK	2026-08-25T16:16:15.5089714Z 	at org.gradle.internal.operations.DefaultBuildOperationRunner$CallableBuildOperationWorker.execute(DefaultBuildOperationRunner.java:195)
build	Build APK	2026-08-25T16:16:15.5091733Z 	at org.gradle.internal.operations.DefaultBuildOperationRunner$2.execute(DefaultBuildOperationRunner.java:66)
build	Build APK	2026-08-25T16:16:15.5093483Z 	at org.gradle.internal.operations.DefaultBuildOperationRunner$2.execute(DefaultBuildOperationRunner.java:59)
build	Build APK	2026-08-25T16:16:15.5095214Z 	at org.gradle.internal.operations.DefaultBuildOperationRunner.execute(DefaultBuildOperationRunner.java:157)
build	Build APK	2026-08-25T16:16:15.5096989Z 	at org.gradle.internal.operations.DefaultBuildOperationRunner.execute(DefaultBuildOperationRunner.java:59)
build	Build APK	2026-08-25T16:16:15.5098948Z 	at org.gradle.internal.operations.DefaultBuildOperationRunner.call(DefaultBuildOperationRunner.java:53)
build	Build APK	2026-08-25T16:16:15.5100690Z 	at org.gradle.internal.operations.DefaultBuildOperationExecutor.call(DefaultBuildOperationExecutor.java:73)
build	Build APK	2026-08-25T16:16:15.5102487Z 	at org.gradle.api.internal.tasks.execution.EventFiringTaskExecuter.execute(EventFiringTaskExecuter.java:52)
build	Build APK	2026-08-25T16:16:15.5104066Z 	at org.gradle.execution.plan.LocalTaskNodeExecutor.execute(LocalTaskNodeExecutor.java:42)
build	Build APK	2026-08-25T16:16:15.5105808Z 	at org.gradle.execution.taskgraph.DefaultTaskExecutionGraph$InvokeNodeExecutorsAction.execute(DefaultTaskExecutionGraph.java:331)
build	Build APK	2026-08-25T16:16:15.5108267Z 	at org.gradle.execution.taskgraph.DefaultTaskExecutionGraph$InvokeNodeExecutorsAction.execute(DefaultTaskExecutionGraph.java:318)
build	Build APK	2026-08-25T16:16:15.5110534Z 	at org.gradle.execution.taskgraph.DefaultTaskExecutionGraph$BuildOperationAwareExecutionAction.lambda$execute$0(DefaultTaskExecutionGraph.java:314)
build	Build APK	2026-08-25T16:16:15.5112522Z 	at org.gradle.internal.operations.CurrentBuildOperationRef.with(CurrentBuildOperationRef.java:80)
build	Build APK	2026-08-25T16:16:15.5114478Z 	at org.gradle.execution.taskgraph.DefaultTaskExecutionGraph$BuildOperationAwareExecutionAction.execute(DefaultTaskExecutionGraph.java:314)
build	Build APK	2026-08-25T16:16:15.5116982Z 	at org.gradle.execution.taskgraph.DefaultTaskExecutionGraph$BuildOperationAwareExecutionAction.execute(DefaultTaskExecutionGraph.java:303)
build	Build APK	2026-08-25T16:16:15.5124677Z 	at org.gradle.execution.plan.DefaultPlanExecutor$ExecutorWorker.execute(DefaultPlanExecutor.java:463)
build	Build APK	2026-08-25T16:16:15.5142856Z 	at org.gradle.execution.plan.DefaultPlanExecutor$ExecutorWorker.run(DefaultPlanExecutor.java:380)
build	Build APK	2026-08-25T16:16:15.5164549Z 	at org.gradle.internal.concurrent.ExecutorPolicy$CatchAndRecordFailures.onExecute(ExecutorPolicy.java:64)
build	Build APK	2026-08-25T16:16:15.5166000Z 	at org.gradle.internal.concurrent.AbstractManagedExecutor$1.run(AbstractManagedExecutor.java:47)
build	Build APK	2026-08-25T16:16:15.5180989Z 
build	Build APK	2026-08-25T16:16:15.5182586Z 
build	Build APK	2026-08-25T16:16:15.5198678Z BUILD FAILED in 57s
build	Build APK	2026-08-25T16:16:15.9448709Z ##[error]Process completed with exit code 1.
